0	59	e:\xxl\xray-lang\.worktrees\314-xir-target\build-target\native-probes\input\probe.c
1	221	c:\program files (x86)\windows kits\10\include\10.0.22621.0\ucrt\stdio.h
1	317	c:\program files (x86)\windows kits\10\include\10.0.22621.0\ucrt\corecrt.h
1	415	c:\program files (x86)\microsoft visual studio\2022\buildtools\vc\tools\msvc\14.44.35207\include\vcruntime.h
1	550	c:\program files (x86)\microsoft visual studio\2022\buildtools\vc\tools\msvc\14.44.35207\include\sal.h
1	679	c:\program files (x86)\microsoft visual studio\2022\buildtools\vc\tools\msvc\14.44.35207\include\concurrencysal.h
1	819	c:\program files (x86)\microsoft visual studio\2022\buildtools\vc\tools\msvc\14.44.35207\include\vadefs.h
1	951	c:\program files (x86)\windows kits\10\include\10.0.22621.0\ucrt\corecrt_wstdio.h
1	1056	c:\program files (x86)\windows kits\10\include\10.0.22621.0\ucrt\corecrt_stdio_config.h
1	1167	c:\program files (x86)\windows kits\10\include\10.0.22621.0\ucrt\stdlib.h
1	1264	c:\program files (x86)\windows kits\10\include\10.0.22621.0\ucrt\corecrt_malloc.h
1	1369	c:\program files (x86)\windows kits\10\include\10.0.22621.0\ucrt\corecrt_search.h
1	1474	c:\program files (x86)\windows kits\10\include\10.0.22621.0\ucrt\stddef.h
1	1571	c:\program files (x86)\windows kits\10\include\10.0.22621.0\ucrt\corecrt_wstdlib.h
1	1677	c:\program files (x86)\microsoft visual studio\2022\buildtools\vc\tools\msvc\14.44.35207\include\limits.h
1	1809	c:\program files (x86)\microsoft visual studio\2022\buildtools\vc\tools\msvc\14.44.35207\include\stdint.h
1	1941	c:\program files (x86)\windows kits\10\include\10.0.22621.0\um\windows.h
1	2037	c:\program files (x86)\windows kits\10\include\10.0.22621.0\shared\winapifamily.h
1	2142	c:\program files (x86)\windows kits\10\include\10.0.22621.0\shared\winpackagefamily.h
1	2251	c:\program files (x86)\windows kits\10\include\10.0.22621.0\shared\sdkddkver.h
1	2353	c:\program files (x86)\microsoft visual studio\2022\buildtools\vc\tools\msvc\14.44.35207\include\excpt.h
1	2484	c:\program files (x86)\microsoft visual studio\2022\buildtools\vc\tools\msvc\14.44.35207\include\stdarg.h
1	2616	c:\program files (x86)\windows kits\10\include\10.0.22621.0\shared\windef.h
1	2715	c:\program files (x86)\windows kits\10\include\10.0.22621.0\shared\minwindef.h
1	2817	c:\program files (x86)\windows kits\10\include\10.0.22621.0\shared\specstrings.h
1	2921	c:\program files (x86)\windows kits\10\include\10.0.22621.0\shared\specstrings_strict.h
1	3032	c:\program files (x86)\windows kits\10\include\10.0.22621.0\shared\specstrings_undef.h
1	3142	c:\program files (x86)\windows kits\10\include\10.0.22621.0\shared\driverspecs.h
1	3246	c:\program files (x86)\windows kits\10\include\10.0.22621.0\shared\sdv_driverspecs.h
1	3354	c:\program files (x86)\windows kits\10\include\10.0.22621.0\um\winnt.h
1	3448	c:\program files (x86)\windows kits\10\include\10.0.22621.0\ucrt\ctype.h
1	3544	c:\program files (x86)\windows kits\10\include\10.0.22621.0\ucrt\corecrt_wctype.h
1	3649	c:\program files (x86)\windows kits\10\include\10.0.22621.0\shared\kernelspecs.h
1	3753	c:\program files (x86)\windows kits\10\include\10.0.22621.0\shared\basetsd.h
1	3853	c:\program files (x86)\windows kits\10\include\10.0.22621.0\shared\guiddef.h
1	3953	c:\program files (x86)\windows kits\10\include\10.0.22621.0\ucrt\string.h
1	4050	c:\program files (x86)\windows kits\10\include\10.0.22621.0\ucrt\corecrt_memory.h
1	4155	c:\program files (x86)\windows kits\10\include\10.0.22621.0\ucrt\corecrt_memcpy_s.h
1	4262	c:\program files (x86)\windows kits\10\include\10.0.22621.0\ucrt\errno.h
1	4358	c:\program files (x86)\microsoft visual studio\2022\buildtools\vc\tools\msvc\14.44.35207\include\vcruntime_string.h
1	4500	c:\program files (x86)\windows kits\10\include\10.0.22621.0\ucrt\corecrt_wstring.h
1	4606	c:\program files (x86)\windows kits\10\include\10.0.22621.0\shared\pshpack4.h
1	4707	c:\program files (x86)\windows kits\10\include\10.0.22621.0\shared\poppack.h
1	4807	c:\program files (x86)\windows kits\10\include\10.0.22621.0\shared\pshpack4.h
1	4908	c:\program files (x86)\windows kits\10\include\10.0.22621.0\shared\poppack.h
1	5008	c:\program files (x86)\windows kits\10\include\10.0.22621.0\shared\pshpack4.h
1	5109	c:\program files (x86)\windows kits\10\include\10.0.22621.0\shared\pshpack2.h
1	5210	c:\program files (x86)\windows kits\10\include\10.0.22621.0\shared\poppack.h
1	5310	c:\program files (x86)\windows kits\10\include\10.0.22621.0\shared\pshpack2.h
1	5411	c:\program files (x86)\windows kits\10\include\10.0.22621.0\shared\pshpack2.h
1	5512	c:\program files (x86)\windows kits\10\include\10.0.22621.0\shared\poppack.h
1	5612	c:\program files (x86)\windows kits\10\include\10.0.22621.0\shared\poppack.h
1	5712	c:\program files (x86)\windows kits\10\include\10.0.22621.0\shared\pshpack8.h
1	5813	c:\program files (x86)\windows kits\10\include\10.0.22621.0\shared\poppack.h
1	5913	c:\program files (x86)\windows kits\10\include\10.0.22621.0\shared\pshpack1.h
1	6014	c:\program files (x86)\windows kits\10\include\10.0.22621.0\shared\poppack.h
1	6114	c:\program files (x86)\windows kits\10\include\10.0.22621.0\shared\pshpack1.h
1	6215	c:\program files (x86)\windows kits\10\include\10.0.22621.0\shared\poppack.h
1	6315	c:\program files (x86)\windows kits\10\include\10.0.22621.0\shared\poppack.h
1	6415	c:\program files (x86)\windows kits\10\include\10.0.22621.0\shared\apiset.h
1	6514	c:\program files (x86)\windows kits\10\include\10.0.22621.0\shared\ktmtypes.h
1	6615	c:\program files (x86)\windows kits\10\include\10.0.22621.0\um\winbase.h
1	6711	c:\program files (x86)\windows kits\10\include\10.0.22621.0\shared\apisetcconv.h
1	6815	c:\program files (x86)\windows kits\10\include\10.0.22621.0\um\minwinbase.h
1	6914	c:\program files (x86)\windows kits\10\include\10.0.22621.0\um\apiquery2.h
1	7012	c:\program files (x86)\windows kits\10\include\10.0.22621.0\um\processenv.h
1	7111	c:\program files (x86)\windows kits\10\include\10.0.22621.0\um\fileapifromapp.h
1	7214	c:\program files (x86)\windows kits\10\include\10.0.22621.0\um\fileapi.h
1	7310	c:\program files (x86)\windows kits\10\include\10.0.22621.0\um\debugapi.h
1	7407	c:\program files (x86)\windows kits\10\include\10.0.22621.0\um\utilapiset.h
1	7506	c:\program files (x86)\windows kits\10\include\10.0.22621.0\um\handleapi.h
1	7604	c:\program files (x86)\windows kits\10\include\10.0.22621.0\um\errhandlingapi.h
1	7707	c:\program files (x86)\windows kits\10\include\10.0.22621.0\um\fibersapi.h
1	7805	c:\program files (x86)\windows kits\10\include\10.0.22621.0\um\namedpipeapi.h
1	7906	c:\program files (x86)\windows kits\10\include\10.0.22621.0\um\profileapi.h
1	8005	c:\program files (x86)\windows kits\10\include\10.0.22621.0\um\heapapi.h
1	8101	c:\program files (x86)\windows kits\10\include\10.0.22621.0\um\ioapiset.h
1	8198	c:\program files (x86)\windows kits\10\include\10.0.22621.0\um\synchapi.h
1	8295	c:\program files (x86)\windows kits\10\include\10.0.22621.0\um\interlockedapi.h
1	8398	c:\program files (x86)\windows kits\10\include\10.0.22621.0\um\processthreadsapi.h
1	8504	c:\program files (x86)\windows kits\10\include\10.0.22621.0\um\sysinfoapi.h
1	8603	c:\program files (x86)\windows kits\10\include\10.0.22621.0\um\memoryapi.h
1	8701	c:\program files (x86)\windows kits\10\include\10.0.22621.0\um\enclaveapi.h
1	8800	c:\program files (x86)\windows kits\10\include\10.0.22621.0\um\threadpoollegacyapiset.h
1	8911	c:\program files (x86)\windows kits\10\include\10.0.22621.0\um\threadpoolapiset.h
1	9016	c:\program files (x86)\windows kits\10\include\10.0.22621.0\um\jobapi.h
1	9111	c:\program files (x86)\windows kits\10\include\10.0.22621.0\um\jobapi2.h
1	9207	c:\program files (x86)\windows kits\10\include\10.0.22621.0\um\wow64apiset.h
1	9307	c:\program files (x86)\windows kits\10\include\10.0.22621.0\um\libloaderapi.h
1	9408	c:\program files (x86)\windows kits\10\include\10.0.22621.0\um\securitybaseapi.h
1	9512	c:\program files (x86)\windows kits\10\include\10.0.22621.0\um\namespaceapi.h
1	9613	c:\program files (x86)\windows kits\10\include\10.0.22621.0\um\systemtopologyapi.h
1	9719	c:\program files (x86)\windows kits\10\include\10.0.22621.0\um\processtopologyapi.h
1	9826	c:\program files (x86)\windows kits\10\include\10.0.22621.0\um\securityappcontainer.h
1	9935	c:\program files (x86)\windows kits\10\include\10.0.22621.0\um\realtimeapiset.h
1	10038	c:\program files (x86)\windows kits\10\include\10.0.22621.0\shared\winerror.h
1	10139	c:\program files (x86)\windows kits\10\include\10.0.22621.0\um\timezoneapi.h
1	10239	c:\program files (x86)\windows kits\10\include\10.0.22621.0\um\wingdi.h
1	10334	c:\program files (x86)\windows kits\10\include\10.0.22621.0\shared\pshpack1.h
1	10435	c:\program files (x86)\windows kits\10\include\10.0.22621.0\shared\poppack.h
1	10535	c:\program files (x86)\windows kits\10\include\10.0.22621.0\shared\pshpack2.h
1	10636	c:\program files (x86)\windows kits\10\include\10.0.22621.0\shared\poppack.h
1	10736	c:\program files (x86)\windows kits\10\include\10.0.22621.0\shared\pshpack2.h
1	10837	c:\program files (x86)\windows kits\10\include\10.0.22621.0\shared\poppack.h
1	10937	c:\program files (x86)\windows kits\10\include\10.0.22621.0\shared\pshpack4.h
1	11038	c:\program files (x86)\windows kits\10\include\10.0.22621.0\shared\poppack.h
1	11138	c:\program files (x86)\windows kits\10\include\10.0.22621.0\shared\pshpack4.h
1	11239	c:\program files (x86)\windows kits\10\include\10.0.22621.0\shared\poppack.h
1	11339	c:\program files (x86)\windows kits\10\include\10.0.22621.0\um\winuser.h
1	11435	c:\program files (x86)\windows kits\10\include\10.0.22621.0\shared\pshpack2.h
1	11536	c:\program files (x86)\windows kits\10\include\10.0.22621.0\shared\poppack.h
1	11636	c:\program files (x86)\windows kits\10\include\10.0.22621.0\shared\tvout.h
1	11734	c:\program files (x86)\windows kits\10\include\10.0.22621.0\um\winnls.h
1	11829	c:\program files (x86)\windows kits\10\include\10.0.22621.0\um\datetimeapi.h
1	11929	c:\program files (x86)\windows kits\10\include\10.0.22621.0\um\stringapiset.h
1	12030	c:\program files (x86)\windows kits\10\include\10.0.22621.0\um\winnls.h
1	12125	c:\program files (x86)\windows kits\10\include\10.0.22621.0\um\wincon.h
1	12220	c:\program files (x86)\windows kits\10\include\10.0.22621.0\um\wincontypes.h
1	12320	c:\program files (x86)\windows kits\10\include\10.0.22621.0\um\consoleapi.h
1	12419	c:\program files (x86)\windows kits\10\include\10.0.22621.0\um\consoleapi2.h
1	12519	c:\program files (x86)\windows kits\10\include\10.0.22621.0\um\consoleapi3.h
1	12619	c:\program files (x86)\windows kits\10\include\10.0.22621.0\um\winver.h
1	12714	c:\program files (x86)\windows kits\10\include\10.0.22621.0\um\verrsrc.h
1	12810	c:\program files (x86)\windows kits\10\include\10.0.22621.0\um\winreg.h
1	12905	c:\program files (x86)\windows kits\10\include\10.0.22621.0\um\reason.h
1	13000	c:\program files (x86)\windows kits\10\include\10.0.22621.0\um\winnetwk.h
1	13097	c:\program files (x86)\windows kits\10\include\10.0.22621.0\shared\wnnc.h
1	13194	c:\program files (x86)\windows kits\10\include\10.0.22621.0\shared\cderr.h
1	13292	c:\program files (x86)\windows kits\10\include\10.0.22621.0\um\dde.h
1	13384	c:\program files (x86)\windows kits\10\include\10.0.22621.0\um\ddeml.h
1	13478	c:\program files (x86)\windows kits\10\include\10.0.22621.0\um\dlgs.h
1	13571	c:\program files (x86)\windows kits\10\include\10.0.22621.0\um\lzexpand.h
1	13668	c:\program files (x86)\windows kits\10\include\10.0.22621.0\um\mmsystem.h
1	13765	c:\program files (x86)\windows kits\10\include\10.0.22621.0\um\mmsyscom.h
1	13862	c:\program files (x86)\windows kits\10\include\10.0.22621.0\shared\pshpack1.h
1	13963	c:\program files (x86)\windows kits\10\include\10.0.22621.0\shared\poppack.h
1	14063	c:\program files (x86)\windows kits\10\include\10.0.22621.0\shared\pshpack1.h
1	14164	c:\program files (x86)\windows kits\10\include\10.0.22621.0\um\mciapi.h
1	14259	c:\program files (x86)\windows kits\10\include\10.0.22621.0\um\mmiscapi.h
1	14356	c:\program files (x86)\windows kits\10\include\10.0.22621.0\um\mmiscapi2.h
1	14454	c:\program files (x86)\windows kits\10\include\10.0.22621.0\um\playsoundapi.h
1	14555	c:\program files (x86)\windows kits\10\include\10.0.22621.0\um\mmeapi.h
1	14650	c:\program files (x86)\windows kits\10\include\10.0.22621.0\um\timeapi.h
1	14746	c:\program files (x86)\windows kits\10\include\10.0.22621.0\um\joystickapi.h
1	14846	c:\program files (x86)\windows kits\10\include\10.0.22621.0\shared\poppack.h
1	14946	c:\program files (x86)\windows kits\10\include\10.0.22621.0\um\nb30.h
1	15039	c:\program files (x86)\windows kits\10\include\10.0.22621.0\shared\rpc.h
1	15135	c:\program files (x86)\windows kits\10\include\10.0.22621.0\shared\pshpack8.h
1	15236	c:\program files (x86)\windows kits\10\include\10.0.22621.0\shared\rpcdce.h
1	15335	c:\program files (x86)\windows kits\10\include\10.0.22621.0\shared\rpcdcep.h
1	15435	c:\program files (x86)\windows kits\10\include\10.0.22621.0\um\rpcnsi.h
1	15530	c:\program files (x86)\windows kits\10\include\10.0.22621.0\shared\rpcnterr.h
1	15631	c:\program files (x86)\windows kits\10\include\10.0.22621.0\shared\rpcasync.h
1	15732	c:\program files (x86)\windows kits\10\include\10.0.22621.0\shared\pshpack8.h
1	15833	c:\program files (x86)\windows kits\10\include\10.0.22621.0\shared\poppack.h
1	15933	c:\program files (x86)\windows kits\10\include\10.0.22621.0\shared\poppack.h
1	16033	c:\program files (x86)\windows kits\10\include\10.0.22621.0\um\shellapi.h
1	16130	c:\program files (x86)\windows kits\10\include\10.0.22621.0\um\winperf.h
1	16226	c:\program files (x86)\windows kits\10\include\10.0.22621.0\shared\pshpack8.h
1	16327	c:\program files (x86)\windows kits\10\include\10.0.22621.0\shared\poppack.h
1	16427	c:\program files (x86)\windows kits\10\include\10.0.22621.0\um\winsock.h
1	16523	c:\program files (x86)\windows kits\10\include\10.0.22621.0\shared\inaddr.h
1	16622	c:\program files (x86)\windows kits\10\include\10.0.22621.0\um\wincrypt.h
1	16719	c:\program files (x86)\windows kits\10\include\10.0.22621.0\shared\bcrypt.h
1	16818	c:\program files (x86)\windows kits\10\include\10.0.22621.0\um\ncrypt.h
1	16913	c:\program files (x86)\windows kits\10\include\10.0.22621.0\um\dpapi.h
1	17007	c:\program files (x86)\windows kits\10\include\10.0.22621.0\um\winefs.h
1	17102	c:\program files (x86)\windows kits\10\include\10.0.22621.0\um\winscard.h
1	17199	c:\program files (x86)\windows kits\10\include\10.0.22621.0\shared\wtypes.h
1	17298	c:\program files (x86)\windows kits\10\include\10.0.22621.0\shared\rpcndr.h
1	17397	c:\program files (x86)\windows kits\10\include\10.0.22621.0\shared\pshpack8.h
1	17498	c:\program files (x86)\windows kits\10\include\10.0.22621.0\um\rpcnsip.h
1	17594	c:\program files (x86)\windows kits\10\include\10.0.22621.0\shared\rpcsal.h
1	17693	c:\program files (x86)\windows kits\10\include\10.0.22621.0\shared\poppack.h
1	17793	c:\program files (x86)\windows kits\10\include\10.0.22621.0\shared\wtypesbase.h
1	17896	c:\program files (x86)\windows kits\10\include\10.0.22621.0\shared\guiddef.h
1	17996	c:\program files (x86)\windows kits\10\include\10.0.22621.0\um\winioctl.h
1	18093	c:\program files (x86)\windows kits\10\include\10.0.22621.0\shared\pshpack1.h
1	18194	c:\program files (x86)\windows kits\10\include\10.0.22621.0\shared\poppack.h
1	18294	c:\program files (x86)\windows kits\10\include\10.0.22621.0\shared\pshpack1.h
1	18395	c:\program files (x86)\windows kits\10\include\10.0.22621.0\shared\poppack.h
1	18495	c:\program files (x86)\windows kits\10\include\10.0.22621.0\shared\pshpack1.h
1	18596	c:\program files (x86)\windows kits\10\include\10.0.22621.0\shared\poppack.h
1	18696	c:\program files (x86)\windows kits\10\include\10.0.22621.0\shared\pshpack1.h
1	18797	c:\program files (x86)\windows kits\10\include\10.0.22621.0\shared\poppack.h
1	18897	c:\program files (x86)\windows kits\10\include\10.0.22621.0\shared\pshpack1.h
1	18998	c:\program files (x86)\windows kits\10\include\10.0.22621.0\shared\poppack.h
1	19098	c:\program files (x86)\windows kits\10\include\10.0.22621.0\shared\pshpack1.h
1	19199	c:\program files (x86)\windows kits\10\include\10.0.22621.0\shared\poppack.h
1	19299	c:\program files (x86)\windows kits\10\include\10.0.22621.0\shared\pshpack1.h
1	19400	c:\program files (x86)\windows kits\10\include\10.0.22621.0\shared\poppack.h
1	19500	c:\program files (x86)\windows kits\10\include\10.0.22621.0\shared\winsmcrd.h
1	19601	c:\program files (x86)\windows kits\10\include\10.0.22621.0\um\winspool.h
1	19698	c:\program files (x86)\windows kits\10\include\10.0.22621.0\um\prsht.h
1	19792	c:\program files (x86)\windows kits\10\include\10.0.22621.0\shared\pshpack8.h
1	19893	c:\program files (x86)\windows kits\10\include\10.0.22621.0\shared\poppack.h
1	19993	c:\program files (x86)\windows kits\10\include\10.0.22621.0\um\ole2.h
1	20086	c:\program files (x86)\windows kits\10\include\10.0.22621.0\shared\pshpack8.h
1	20187	c:\program files (x86)\windows kits\10\include\10.0.22621.0\um\objbase.h
1	20283	c:\program files (x86)\windows kits\10\include\10.0.22621.0\shared\pshpack8.h
1	20384	c:\program files (x86)\windows kits\10\include\10.0.22621.0\um\combaseapi.h
1	20483	c:\program files (x86)\windows kits\10\include\10.0.22621.0\shared\pshpack8.h
1	20584	c:\program files (x86)\windows kits\10\include\10.0.22621.0\um\unknwnbase.h
1	20683	c:\program files (x86)\windows kits\10\include\10.0.22621.0\um\objidlbase.h
1	20782	c:\program files (x86)\windows kits\10\include\10.0.22621.0\shared\guiddef.h
1	20882	c:\program files (x86)\windows kits\10\include\10.0.22621.0\um\cguid.h
1	20976	c:\program files (x86)\windows kits\10\include\10.0.22621.0\shared\poppack.h
1	21076	c:\program files (x86)\windows kits\10\include\10.0.22621.0\um\coml2api.h
1	21173	c:\program files (x86)\windows kits\10\include\10.0.22621.0\um\objidl.h
1	21268	c:\program files (x86)\windows kits\10\include\10.0.22621.0\um\unknwn.h
1	21363	c:\program files (x86)\windows kits\10\include\10.0.22621.0\um\propidlbase.h
1	21463	c:\program files (x86)\windows kits\10\include\10.0.22621.0\um\oaidl.h
1	21557	c:\program files (x86)\windows kits\10\include\10.0.22621.0\um\urlmon.h
1	21652	c:\program files (x86)\windows kits\10\include\10.0.22621.0\um\oleidl.h
1	21747	c:\program files (x86)\windows kits\10\include\10.0.22621.0\um\servprov.h
1	21844	c:\program files (x86)\windows kits\10\include\10.0.22621.0\um\msxml.h
1	21938	c:\program files (x86)\windows kits\10\include\10.0.22621.0\um\propidl.h
1	22034	c:\program files (x86)\windows kits\10\include\10.0.22621.0\shared\poppack.h
1	22134	c:\program files (x86)\windows kits\10\include\10.0.22621.0\um\oleauto.h
1	22230	c:\program files (x86)\windows kits\10\include\10.0.22621.0\shared\pshpack8.h
1	22331	c:\program files (x86)\windows kits\10\include\10.0.22621.0\shared\poppack.h
1	22431	c:\program files (x86)\windows kits\10\include\10.0.22621.0\shared\poppack.h
1	22531	c:\program files (x86)\windows kits\10\include\10.0.22621.0\um\commdlg.h
1	22627	c:\program files (x86)\windows kits\10\include\10.0.22621.0\um\prsht.h
1	22721	c:\program files (x86)\windows kits\10\include\10.0.22621.0\shared\stralign.h
1	22822	c:\program files (x86)\windows kits\10\include\10.0.22621.0\um\winsvc.h
1	22917	c:\program files (x86)\windows kits\10\include\10.0.22621.0\um\mcx.h
1	23009	c:\program files (x86)\windows kits\10\include\10.0.22621.0\um\imm.h
1	23101	c:\program files (x86)\windows kits\10\include\10.0.22621.0\um\ime_cmodes.h
