2	36	C:\Program Files (x86)\Windows Kits\10\\lib\10.0.22621.0\\um\x64\kernel32.lib
2	133	C:\Program Files (x86)\Microsoft Visual Studio\2022\BuildTools\VC\Tools\MSVC\14.44.35207\lib\x64\MSVCRT.lib
2	260	C:\Program Files (x86)\Microsoft Visual Studio\2022\BuildTools\VC\Tools\MSVC\14.44.35207\lib\x64\OLDNAMES.lib
2	389	C:\Program Files (x86)\Windows Kits\10\\lib\10.0.22621.0\\um\x64\uuid.lib
2	482	C:\Program Files (x86)\Microsoft Visual Studio\2022\BuildTools\VC\Tools\MSVC\14.44.35207\lib\x64\vcruntime.lib
2	612	C:\Program Files (x86)\Windows Kits\10\lib\10.0.22621.0\ucrt\x64\ucrt.lib
2	705	C:\Program Files (x86)\Windows Kits\10\\lib\10.0.22621.0\\um\x64\kernel32.lib
2	802	C:\Program Files (x86)\Microsoft Visual Studio\2022\BuildTools\VC\Tools\MSVC\14.44.35207\lib\x64\MSVCRT.lib
2	929	C:\Program Files (x86)\Microsoft Visual Studio\2022\BuildTools\VC\Tools\MSVC\14.44.35207\lib\x64\OLDNAMES.lib
2	1058	C:\Program Files (x86)\Windows Kits\10\\lib\10.0.22621.0\\um\x64\uuid.lib
2	1151	C:\Program Files (x86)\Microsoft Visual Studio\2022\BuildTools\VC\Tools\MSVC\14.44.35207\lib\x64\vcruntime.lib
2	1281	C:\Program Files (x86)\Windows Kits\10\lib\10.0.22621.0\ucrt\x64\ucrt.lib
2	1415	C:\Program Files (x86)\Windows Kits\10\\lib\10.0.22621.0\\um\x64\kernel32.lib
2	1512	C:\Program Files (x86)\Microsoft Visual Studio\2022\BuildTools\VC\Tools\MSVC\14.44.35207\lib\x64\MSVCRT.lib
2	1639	C:\Program Files (x86)\Microsoft Visual Studio\2022\BuildTools\VC\Tools\MSVC\14.44.35207\lib\x64\OLDNAMES.lib
2	1768	C:\Program Files (x86)\Windows Kits\10\\lib\10.0.22621.0\\um\x64\uuid.lib
2	1861	C:\Program Files (x86)\Microsoft Visual Studio\2022\BuildTools\VC\Tools\MSVC\14.44.35207\lib\x64\vcruntime.lib
2	1991	C:\Program Files (x86)\Windows Kits\10\lib\10.0.22621.0\ucrt\x64\ucrt.lib
2	2125	C:\Program Files (x86)\Windows Kits\10\\lib\10.0.22621.0\\um\x64\kernel32.lib
2	2222	C:\Program Files (x86)\Microsoft Visual Studio\2022\BuildTools\VC\Tools\MSVC\14.44.35207\lib\x64\MSVCRT.lib
2	2349	C:\Program Files (x86)\Microsoft Visual Studio\2022\BuildTools\VC\Tools\MSVC\14.44.35207\lib\x64\OLDNAMES.lib
2	2478	C:\Program Files (x86)\Windows Kits\10\\lib\10.0.22621.0\\um\x64\uuid.lib
2	2571	C:\Program Files (x86)\Microsoft Visual Studio\2022\BuildTools\VC\Tools\MSVC\14.44.35207\lib\x64\vcruntime.lib
2	2701	C:\Program Files (x86)\Windows Kits\10\lib\10.0.22621.0\ucrt\x64\ucrt.lib
2	2835	C:\Program Files (x86)\Windows Kits\10\\lib\10.0.22621.0\\um\x64\kernel32.lib
2	2932	C:\Program Files (x86)\Microsoft Visual Studio\2022\BuildTools\VC\Tools\MSVC\14.44.35207\lib\x64\MSVCRT.lib
2	3059	C:\Program Files (x86)\Microsoft Visual Studio\2022\BuildTools\VC\Tools\MSVC\14.44.35207\lib\x64\OLDNAMES.lib
2	3188	C:\Program Files (x86)\Windows Kits\10\\lib\10.0.22621.0\\um\x64\uuid.lib
2	3281	C:\Program Files (x86)\Microsoft Visual Studio\2022\BuildTools\VC\Tools\MSVC\14.44.35207\lib\x64\vcruntime.lib
2	3411	C:\Program Files (x86)\Windows Kits\10\lib\10.0.22621.0\ucrt\x64\ucrt.lib
2	3545	C:\Program Files (x86)\Windows Kits\10\\lib\10.0.22621.0\\um\x64\kernel32.lib
2	3642	C:\Program Files (x86)\Microsoft Visual Studio\2022\BuildTools\VC\Tools\MSVC\14.44.35207\lib\x64\MSVCRT.lib
2	3769	C:\Program Files (x86)\Microsoft Visual Studio\2022\BuildTools\VC\Tools\MSVC\14.44.35207\lib\x64\OLDNAMES.lib
2	3898	C:\Program Files (x86)\Windows Kits\10\\lib\10.0.22621.0\\um\x64\uuid.lib
2	3991	C:\Program Files (x86)\Microsoft Visual Studio\2022\BuildTools\VC\Tools\MSVC\14.44.35207\lib\x64\vcruntime.lib
