yielded 5
has false
next 432 Iterator.next() on an exhausted iterator: every next() must follow a hasNext() that returned true
next-again 432
has-after false
empty-has false
empty-next 432
direct 5
nth-in-range 5
nth 432 Iterator.nth(index) ran past the end: the iterator was exhausted before reaching index
