=== go/await ===
task1 result: 42
=== status ===
done: true
status: TaskStatus.Success
result: 100
=== cancel ===
cancelled: true
cancelled status: TaskStatus.Cancelled
=== channel ===
recv: 1 2 3
=== defer ===
working...
cleanup!
=== await all ===
all results: [1, 2, 3]
=== await any ===
first result: winner
=== done ===
