test1: Coro.stats()
stats keys: 4
test2: Coro.dump()
┌─────────────────────────────────────────────────────────────────────────┐
│                         协程状态快照                                    │
├─────────────────────────────────────────────────────────────────────────┤
│ 统计: 总计 0     | 运行 1   | 就绪 0    | 阻塞 0                        │
├──────┬────────────────┬─────────┬─────────────────┬─────────────────────┤
│ ID   │ 名称           │ 状态    │ 阻塞原因        │ 位置                │
├──────┼────────────────┼─────────┼─────────────────┼─────────────────────┤
└──────┴────────────────┴─────────┴─────────────────┴─────────────────────┘
test3: Coro.stalled()
stalled: 0
test4: with coroutines
worker result: done
test5: final dump
┌─────────────────────────────────────────────────────────────────────────┐
│                         协程状态快照                                    │
├─────────────────────────────────────────────────────────────────────────┤
│ 统计: 总计 0     | 运行 1   | 就绪 0    | 阻塞 0                        │
├──────┬────────────────┬─────────┬─────────────────┬─────────────────────┤
│ ID   │ 名称           │ 状态    │ 阻塞原因        │ 位置                │
├──────┼────────────────┼─────────┼─────────────────┼─────────────────────┤
└──────┴────────────────┴─────────┴─────────────────┴─────────────────────┘
all tests passed
