test1: Coro.stats()
stats keys: 5
test2: Coro.dump()
┌─────────────────────────────────────────────────────────────────────────┐
│                     Coroutine Status Snapshot                           │
├─────────────────────────────────────────────────────────────────────────┤
│ Stats: Total 0     | Ready 0    | Blocked 0                           │
├──────┬────────────────┬─────────┬─────────────────┬─────────────────────┤
│ ID   │ Name           │ State   │ Block Reason    │ Location            │
├──────┼────────────────┼─────────┼─────────────────┼─────────────────────┤
└──────┴────────────────┴─────────┴─────────────────┴─────────────────────┘
test3: Coro.stalled()
stalled: 0
test4: with coroutines
worker result: done
test5: final dump
┌─────────────────────────────────────────────────────────────────────────┐
│                     Coroutine Status Snapshot                           │
├─────────────────────────────────────────────────────────────────────────┤
│ Stats: Total 0     | Ready 0    | Blocked 0                           │
├──────┬────────────────┬─────────┬─────────────────┬─────────────────────┤
│ ID   │ Name           │ State   │ Block Reason    │ Location            │
├──────┼────────────────┼─────────┼─────────────────┼─────────────────────┤
└──────┴────────────────┴─────────┴─────────────────┴─────────────────────┘
all tests passed
